<html>
<body>
<pre>
<h1>µVision Build Log</h1>
<h2>Tool Versions:</h2>
IDE-Version: µVision V5.21.1.0
Copyright (C) 2016 ARM Ltd and ARM Germany GmbH. All rights reserved.
License Information: Nguyen Xuan Tien Tien, PTIT, LIC=----
 
Tool Versions:
Toolchain:       MDK-Lite  Version: 5.21a
Toolchain Path:  C:\Keil_v5\ARM\ARMCC\Bin
C Compiler:      Armcc.exe V5.06 update 3 (build 300)
Assembler:       Armasm.exe V5.06 update 3 (build 300)
Linker/Locator:  ArmLink.exe V5.06 update 3 (build 300)
Library Manager: ArmAr.exe V5.06 update 3 (build 300)
Hex Converter:   FromElf.exe V5.06 update 3 (build 300)
CPU DLL:         SARMCM3.DLL V5.21a
Dialog DLL:      DCM.DLL V1.13.8.0
Target DLL:      UL2CM3.DLL V1.158.5.0
Dialog DLL:      TCM.DLL V1.14.14.0
 
<h2>Project:</h2>
D:\Khong xoa\Downloads\projectMau\projectMau\Project\projectMau.uvprojx
Project File Date:  10/15/2021

<h2>Output:</h2>
*** Using Compiler 'V5.06 update 3 (build 300)', folder: 'C:\Keil_v5\ARM\ARMCC\Bin'
Rebuild target 'projectMau'
compiling main.c...
..\User\main.c(23): warning:  #1-D: last line of file ends without a newline
  }
..\User\main.c: 1 warning, 0 errors
compiling stm32f10x_gpio.c...
compiling stm32f10x_rcc.c...
assembling startup_stm32f10x_md.s...
compiling system_stm32f10x.c...
linking...
Program Size: Code=796 RO-data=268 RW-data=40 ZI-data=1632  
FromELF: creating hex file...
".\Objects\Project_LedDon.axf" - 0 Error(s), 1 Warning(s).

<h2>Software Packages used:</h2>

Package Vendor: ARM
                http://www.keil.com/pack/ARM.CMSIS.4.5.0.pack
                ARM::CMSIS:CORE:4.3.0
                CMSIS (Cortex Microcontroller Software Interface Standard)
   * Component: CORE Version: 4.3.0

Package Vendor: Keil
                http://www.keil.com/pack/Keil.STM32F1xx_DFP.2.1.0.pack
                Keil::Device:Startup:1.0.0
                STMicroelectronics STM32F1 Series Device Support, Drivers and Examples
   * Component: Startup Version: 1.0.0

<h2>Collection of Component include folders:</h2>
  D:\Khong xoa\Downloads\projectMau\projectMau\Project\RTE
  D:\Khong xoa\Downloads\projectMau\projectMau\Project\RTE\Device\STM32F103C8
  C:\Keil_v5\ARM\PACK\ARM\CMSIS\4.5.0\CMSIS\Include
  C:\Keil_v5\ARM\PACK\Keil\STM32F1xx_DFP\2.1.0\Device\Include

<h2>Collection of Component Files used:</h2>

   * Component: ARM::CMSIS:CORE:4.3.0

   * Component: Keil::Device:Startup:1.0.0
      Include file:  RTE_Driver\Config\RTE_Device.h
      Source file:   Device\Source\ARM\startup_stm32f10x_md.s
      Source file:   Device\Source\ARM\STM32F1xx_OPT.s
      Source file:   Device\Source\system_stm32f10x.c
Build Time Elapsed:  00:00:03
</pre>
</body>
</html>
